TAP version 13
ok 1 - phantomjs - assertTitle  [sideroad (sideroad) · GitHub] 
ok 2 - phantomjs - assertText [css=span.post-title] [Setup Grunt on Jenkins] 
ok 3 - phantomjs - assertTitle  [jQuery Plugins] 
ok 4 - phantomjs - assertText [css=span.post-title] [jQuery Text Animation] 
ok 5 - phantomjs - assertTextPresent [sideroad] [true] 
ok 6 - phantomjs - assertTitle  [sideroad - Rich Web Application Development] 
ok 7 - phantomjs - assertLocation  [http://sideroad.github.io/grunt-selenium/] 
ok 8 - phantomjs - assertLocation  [http://sideroad.github.io/grunt-selenium/] 
ok 9 - phantomjs - assertAttribute [submit] [Submit] 
ok 10 - phantomjs - assertEditable [submit] [true] 
ok 11 - phantomjs - assertNotEditable [disabled] [true] 
ok 12 - phantomjs - assertElementPresent [name] [9] 
ok 13 - phantomjs - assertElementNotPresent [not-exists] [true] 
ok 14 - phantomjs - assertEval [1+1] [2] 
ok 15 - phantomjs - assertEval [1+1] [2] 
ok 16 - phantomjs - assertText [span-for-text-assertion] [For Text Assertion!] 
ok 17 - phantomjs - assertTextPresent [For Text Assertion!] [true] 
ok 18 - phantomjs - assertTextPresent [${textAssertion}] [true] 
ok 19 - phantomjs - assertTextPresent [For Text Assertion! Not Exists!] [true] 
ok 20 - phantomjs - assertTextPresent [${textNotAssertion}] [true] 
ok 21 - phantomjs - assertTitle  [Grunt Selenium Test Page] 
ok 22 - phantomjs - assertTitle  [Grunt Selenium Test Page] 
ok 23 - phantomjs - assertValue [submit] [Submit] 
ok 24 - phantomjs - assertValue [select] [1] 
ok 25 - phantomjs - assertValue [select] [2] 
ok 26 - phantomjs - assertValue [select] [3] 
ok 27 - phantomjs - assertLocation  [http://sideroad.github.io/grunt-selenium/submitted.html?name=Amber] 
ok 28 - phantomjs - assertTitle  [Submitted!!] 
ok 29 - phantomjs - assertLocation  [http://sideroad.github.io/grunt-selenium/] 
ok 30 - phantomjs - assertTitle  [Grunt Selenium Test Page] 
ok 31 - phantomjs - assertValue [select] [1] 
ok 32 - phantomjs - assertValue [select] [2] 
ok 33 - phantomjs - assertValue [select] [3] 
ok 34 - phantomjs - assertValue [select] [1] 
ok 35 - phantomjs - assertText [css=h1] [This is for selectFrame assertion] 
ok 36 - phantomjs - assertElementNotPresent [css=h1] [true] 
ok 37 - phantomjs - assertText [css=h1] [This is for selectFrame assertion] 
ok 38 - phantomjs - assertElementNotPresent [css=h1] [true] 
ok 39 - phantomjs - assertText [css=h1] [This is for selectFrame assertion] 
ok 40 - phantomjs - assertElementNotPresent [css=h1] [true] 
ok 41 - phantomjs - assertExpression [${existsElement}] [true] 
ok 42 - phantomjs - assertExpression [${notExistsElement}] [false] 
ok 43 - phantomjs - assertExpression [${three}] [3] 
ok 44 - phantomjs - assertExpression [${name}] [Sapphire] 
ok 45 - phantomjs - assertLocation  [http://sideroad.github.io/grunt-selenium/] 
ok 46 - phantomjs - assertTitle  [Grunt Selenium Test Page] 
not ok 47 - phantomjs - assertTitle  [sideroad (sideroad) · GitHub] 
      [assertTitle] was failed 
        actual  :sideroad (sideroad) · GitHub
        expected:sideroad (sideroad) · GitHub - SUPERB!

1..47
# tests 47
# pass 46
# fail 1