TAP version 13
ok 1 - firefox - assertTitle  [sideroad (sideroad) · GitHub] 
ok 2 - firefox - assertText [css=span.post-title] [Setup Grunt on Jenkins] 
ok 3 - firefox - assertTitle  [jQuery Plugins] 
ok 4 - firefox - assertText [css=span.post-title] [jQuery Text Animation] 
ok 5 - firefox - assertTextPresent [sideroad] [true] 
ok 6 - firefox - assertTitle  [sideroad - Rich Web Application Development] 
ok 7 - firefox - assertLocation  [http://sideroad.github.io/grunt-selenium/] 
ok 8 - firefox - assertLocation  [http://sideroad.github.io/grunt-selenium/] 
ok 9 - firefox - assertAttribute [submit] [Submit] 
ok 10 - firefox - assertEditable [submit] [true] 
ok 11 - firefox - assertNotEditable [disabled] [true] 
ok 12 - firefox - assertElementPresent [name] [9] 
ok 13 - firefox - assertElementNotPresent [not-exists] [true] 
ok 14 - firefox - assertEval [1+1] [2] 
ok 15 - firefox - assertEval [1+1] [2] 
ok 16 - firefox - assertText [span-for-text-assertion] [For Text Assertion!] 
ok 17 - firefox - assertTextPresent [For Text Assertion!] [true] 
ok 18 - firefox - assertTextPresent [${textAssertion}] [true] 
ok 19 - firefox - assertTextPresent [For Text Assertion! Not Exists!] [true] 
ok 20 - firefox - assertTextPresent [${textNotAssertion}] [true] 
ok 21 - firefox - assertTitle  [Grunt Selenium Test Page] 
ok 22 - firefox - assertTitle  [Grunt Selenium Test Page] 
ok 23 - firefox - assertValue [submit] [Submit] 
ok 24 - firefox - assertValue [select] [1] 
ok 25 - firefox - assertValue [select] [2] 
ok 26 - firefox - assertValue [select] [3] 
ok 27 - firefox - assertLocation  [http://sideroad.github.io/grunt-selenium/submitted.html?name=Amber] 
ok 28 - firefox - assertTitle  [Submitted!!] 
ok 29 - firefox - assertLocation  [http://sideroad.github.io/grunt-selenium/] 
ok 30 - firefox - assertTitle  [Grunt Selenium Test Page] 
ok 31 - firefox - assertValue [select] [1] 
ok 32 - firefox - assertValue [select] [2] 
ok 33 - firefox - assertValue [select] [3] 
ok 34 - firefox - assertValue [select] [1] 
ok 35 - firefox - assertExpression [${isChecked}] [false] 
ok 36 - firefox - assertNotChecked [checkbox] [true] 
ok 37 - firefox - assertExpression [${isChecked}] [true] 
ok 38 - firefox - assertChecked [checkbox] [true] 
ok 39 - firefox - assertExpression [${isChecked}] [false] 
ok 40 - firefox - assertNotChecked [checkbox] [true] 
ok 41 - firefox - assertText [css=h1] [This is for selectFrame assertion] 
ok 42 - firefox - assertElementNotPresent [css=h1] [true] 
ok 43 - firefox - assertText [css=h1] [This is for selectFrame assertion] 
ok 44 - firefox - assertElementNotPresent [css=h1] [true] 
ok 45 - firefox - assertText [css=h1] [This is for selectFrame assertion] 
ok 46 - firefox - assertElementNotPresent [css=h1] [true] 
ok 47 - firefox - assertExpression [${existsElement}] [true] 
ok 48 - firefox - assertExpression [${notExistsElement}] [false] 
ok 49 - firefox - assertExpression [${three}] [3] 
ok 50 - firefox - assertExpression [${name}] [Sapphire] 
ok 51 - firefox - assertLocation  [http://sideroad.github.io/grunt-selenium/] 
ok 52 - firefox - assertTitle  [Grunt Selenium Test Page] 
ok 53 - firefox - assertExpression [${cookie}] [selenium] 
ok 54 - firefox - verifyCookieByName [test, selenium] [selenium] 
ok 55 - firefox - assertCookieByName [test, selenium] [selenium] 
ok 56 - chrome - assertTitle  [sideroad (sideroad) · GitHub] 
ok 57 - chrome - assertText [css=span.post-title] [Setup Grunt on Jenkins] 
ok 58 - chrome - assertTitle  [jQuery Plugins] 
ok 59 - chrome - assertText [css=span.post-title] [jQuery Text Animation] 
ok 60 - chrome - assertTextPresent [sideroad] [true] 
ok 61 - chrome - assertTitle  [sideroad - Rich Web Application Development] 
ok 62 - chrome - assertLocation  [http://sideroad.github.io/grunt-selenium/] 
ok 63 - chrome - assertLocation  [http://sideroad.github.io/grunt-selenium/] 
ok 64 - chrome - assertAttribute [submit] [Submit] 
ok 65 - chrome - assertEditable [submit] [true] 
ok 66 - chrome - assertNotEditable [disabled] [true] 
ok 67 - chrome - assertElementPresent [name] [9] 
ok 68 - chrome - assertElementNotPresent [not-exists] [true] 
ok 69 - chrome - assertEval [1+1] [2] 
ok 70 - chrome - assertEval [1+1] [2] 
ok 71 - chrome - assertText [span-for-text-assertion] [For Text Assertion!] 
ok 72 - chrome - assertTextPresent [For Text Assertion!] [true] 
ok 73 - chrome - assertTextPresent [${textAssertion}] [true] 
ok 74 - chrome - assertTextPresent [For Text Assertion! Not Exists!] [true] 
ok 75 - chrome - assertTextPresent [${textNotAssertion}] [true] 
ok 76 - chrome - assertTitle  [Grunt Selenium Test Page] 
ok 77 - chrome - assertTitle  [Grunt Selenium Test Page] 
ok 78 - chrome - assertValue [submit] [Submit] 
ok 79 - chrome - assertValue [select] [1] 
ok 80 - chrome - assertValue [select] [2] 
ok 81 - chrome - assertValue [select] [3] 
ok 82 - chrome - assertLocation  [http://sideroad.github.io/grunt-selenium/submitted.html?name=Amber] 
ok 83 - chrome - assertTitle  [Submitted!!] 
ok 84 - chrome - assertLocation  [http://sideroad.github.io/grunt-selenium/] 
ok 85 - chrome - assertTitle  [Grunt Selenium Test Page] 
ok 86 - chrome - assertValue [select] [1] 
ok 87 - chrome - assertValue [select] [2] 
ok 88 - chrome - assertValue [select] [3] 
ok 89 - chrome - assertValue [select] [1] 
ok 90 - chrome - assertExpression [${isChecked}] [false] 
ok 91 - chrome - assertNotChecked [checkbox] [true] 
ok 92 - chrome - assertExpression [${isChecked}] [true] 
ok 93 - chrome - assertChecked [checkbox] [true] 
ok 94 - chrome - assertExpression [${isChecked}] [false] 
ok 95 - chrome - assertNotChecked [checkbox] [true] 
ok 96 - chrome - assertText [css=h1] [This is for selectFrame assertion] 
ok 97 - chrome - assertElementNotPresent [css=h1] [true] 
ok 98 - chrome - assertText [css=h1] [This is for selectFrame assertion] 
ok 99 - chrome - assertElementNotPresent [css=h1] [true] 
ok 100 - chrome - assertText [css=h1] [This is for selectFrame assertion] 
ok 101 - chrome - assertElementNotPresent [css=h1] [true] 
ok 102 - chrome - assertExpression [${existsElement}] [true] 
ok 103 - chrome - assertExpression [${notExistsElement}] [false] 
ok 104 - chrome - assertExpression [${three}] [3] 
ok 105 - chrome - assertExpression [${name}] [Sapphire] 
ok 106 - chrome - assertLocation  [http://sideroad.github.io/grunt-selenium/] 
ok 107 - chrome - assertTitle  [Grunt Selenium Test Page] 
ok 108 - chrome - assertExpression [${cookie}] [selenium] 
ok 109 - chrome - verifyCookieByName [test, selenium] [selenium] 
ok 110 - chrome - assertCookieByName [test, selenium] [selenium] 

1..110
# tests 110
# pass 110
# fail 0