TAP version 13
ok 1 - firefox - assertTitle  [sideroad (sideroad) · GitHub] 
ok 2 - firefox - assertText [css=span.post-title] [Setup Grunt on Jenkins] 
ok 3 - firefox - assertTitle  [jQuery Plugins] 
ok 4 - firefox - assertText [css=span.post-title] [jQuery Text Animation] 
ok 5 - firefox - assertTextPresent [sideroad] [true] 
ok 6 - firefox - assertTitle  [sideroad - Rich Web Application Development] 
ok 7 - firefox - assertLocation  [http://sideroad.github.io/grunt-selenium/] 
ok 8 - firefox - assertLocation  [http://sideroad.github.io/grunt-selenium/] 
ok 9 - firefox - assertAttribute [submit] [Submit] 
ok 10 - firefox - assertEditable [submit] [true] 
ok 11 - firefox - assertNotEditable [disabled] [true] 
ok 12 - firefox - assertElementPresent [name] [9] 
ok 13 - firefox - assertElementNotPresent [not-exists] [true] 
ok 14 - firefox - assertEval [1+1] [2] 
ok 15 - firefox - assertEval [1+1] [2] 
ok 16 - firefox - assertText [span-for-text-assertion] [For Text Assertion!] 
ok 17 - firefox - assertTextPresent [For Text Assertion!] [true] 
ok 18 - firefox - assertTextPresent [${textAssertion}] [true] 
ok 19 - firefox - assertTextPresent [For Text Assertion! Not Exists!] [true] 
ok 20 - firefox - assertTextPresent [${textNotAssertion}] [true] 
ok 21 - firefox - assertTitle  [Grunt Selenium Test Page] 
ok 22 - firefox - assertTitle  [Grunt Selenium Test Page] 
ok 23 - firefox - assertValue [submit] [Submit] 
ok 24 - firefox - assertLocation  [http://sideroad.github.io/grunt-selenium/submitted.html?name=Amber] 
ok 25 - firefox - assertTitle  [Submitted!!] 
ok 26 - firefox - assertLocation  [http://sideroad.github.io/grunt-selenium/] 
ok 27 - firefox - assertTitle  [Grunt Selenium Test Page] 
ok 28 - firefox - assertText [css=h1] [This is for selectFrame assertion] 
ok 29 - firefox - assertExpression [${existsElement}] [true] 
ok 30 - firefox - assertExpression [${notExistsElement}] [false] 
ok 31 - firefox - assertExpression [${three}] [3] 
ok 32 - firefox - assertExpression [${name}] [Sapphire] 
ok 33 - firefox - assertLocation  [http://sideroad.github.io/grunt-selenium/] 
ok 34 - firefox - assertTitle  [Grunt Selenium Test Page] 
ok 35 - chrome - assertTitle  [sideroad (sideroad) · GitHub] 
ok 36 - chrome - assertText [css=span.post-title] [Setup Grunt on Jenkins] 
ok 37 - chrome - assertTitle  [jQuery Plugins] 
ok 38 - chrome - assertText [css=span.post-title] [jQuery Text Animation] 
ok 39 - chrome - assertTextPresent [sideroad] [true] 
ok 40 - chrome - assertTitle  [sideroad - Rich Web Application Development] 
ok 41 - chrome - assertLocation  [http://sideroad.github.io/grunt-selenium/] 
ok 42 - chrome - assertLocation  [http://sideroad.github.io/grunt-selenium/] 
ok 43 - chrome - assertAttribute [submit] [Submit] 
ok 44 - chrome - assertEditable [submit] [true] 
ok 45 - chrome - assertNotEditable [disabled] [true] 
ok 46 - chrome - assertElementPresent [name] [9] 
ok 47 - chrome - assertElementNotPresent [not-exists] [true] 
ok 48 - chrome - assertEval [1+1] [2] 
ok 49 - chrome - assertEval [1+1] [2] 
ok 50 - chrome - assertText [span-for-text-assertion] [For Text Assertion!] 
ok 51 - chrome - assertTextPresent [For Text Assertion!] [true] 
ok 52 - chrome - assertTextPresent [${textAssertion}] [true] 
ok 53 - chrome - assertTextPresent [For Text Assertion! Not Exists!] [true] 
ok 54 - chrome - assertTextPresent [${textNotAssertion}] [true] 
ok 55 - chrome - assertTitle  [Grunt Selenium Test Page] 
ok 56 - chrome - assertTitle  [Grunt Selenium Test Page] 
ok 57 - chrome - assertValue [submit] [Submit] 
ok 58 - chrome - assertLocation  [http://sideroad.github.io/grunt-selenium/submitted.html?name=Amber] 
ok 59 - chrome - assertTitle  [Submitted!!] 
ok 60 - chrome - assertLocation  [http://sideroad.github.io/grunt-selenium/] 
ok 61 - chrome - assertTitle  [Grunt Selenium Test Page] 
ok 62 - chrome - assertText [css=h1] [This is for selectFrame assertion] 
ok 63 - chrome - assertExpression [${existsElement}] [true] 
ok 64 - chrome - assertExpression [${notExistsElement}] [false] 
ok 65 - chrome - assertExpression [${three}] [3] 
ok 66 - chrome - assertExpression [${name}] [Sapphire] 
ok 67 - chrome - assertLocation  [http://sideroad.github.io/grunt-selenium/] 
ok 68 - chrome - assertTitle  [Grunt Selenium Test Page] 

1..68
# tests 68
# pass 68
# fail 0